// Jest Snapshot v1, https://goo.gl/fbAQLP

exports[`App renders correctly to snapshot 1`] = `
<div>
  loading...
</div>
`;
